[2026-07-25 00:24:36.675] local.info: [1.847ms] [rows:1] SELECT * FROM `emps` WHERE `workno` = '0001'
[Context] map[trace.traceContextKeyType:{Span:<nil> sc:{traceID:[0 0 0 0 0 0 0 0 0 0 0 0 0 0 0 0] spanID:[0 0 0 0 0 0 0 0] traceFlags:0 traceState:{list:[]} remote:false}}]
[2026-07-25 00:24:36.677] local.info: [0.617ms] [rows:1] SELECT * FROM `emps` WHERE workno='0001'
[Context] map[trace.traceContextKeyType:{Span:<nil> sc:{traceID:[0 0 0 0 0 0 0 0 0 0 0 0 0 0 0 0] spanID:[0 0 0 0 0 0 0 0] traceFlags:0 traceState:{list:[]} remote:false}}]
[2026-07-25 00:24:58.466] local.info: [0.832ms] [rows:1] SELECT * FROM `emps` WHERE `workno` = '20001'
[Context] map[trace.traceContextKeyType:{Span:<nil> sc:{traceID:[0 0 0 0 0 0 0 0 0 0 0 0 0 0 0 0] spanID:[0 0 0 0 0 0 0 0] traceFlags:0 traceState:{list:[]} remote:false}}]
[2026-07-25 00:24:58.467] local.info: [0.334ms] [rows:1] SELECT * FROM `emps` WHERE workno='20001'
[Context] map[trace.traceContextKeyType:{Span:<nil> sc:{traceID:[0 0 0 0 0 0 0 0 0 0 0 0 0 0 0 0] spanID:[0 0 0 0 0 0 0 0] traceFlags:0 traceState:{list:[]} remote:false}}]
[2026-07-25 00:26:24.684] local.error: runtime error: slice bounds out of range [7:6]
[Request] map[body:map[amount:500 flow_id:43 title:测试完整审批金额500] header:map[Accept:[*/*] Authorization:[Bearer] Content-Length:[67] Content-Type:[application/json] User-Agent:[curl/8.7.1]] method:POST uri:http://127.0.0.1:3000/api/entry]
[Trace] /Users/mac/go/pkg/mod/github.com/goravel/framework@v1.18.0/log/writer.go:209 [log.(*Writer).withStackTrace]
/Users/mac/go/pkg/mod/github.com/goravel/framework@v1.18.0/log/writer.go:58 [log.(*Writer).Error]
/Users/mac/go/pkg/mod/github.com/goravel/gin@v1.18.0/route.go:327 [gin.defaultRecoverCallback]
/Users/mac/go/pkg/mod/github.com/goravel/gin@v1.18.0/route.go:39 [gin.(*recoverMiddleware).Handle.func1]
/opt/homebrew/opt/go/libexec/src/runtime/panic.go:860 [runtime.gopanic]
/Users/mac/go/pkg/mod/github.com/gin-contrib/timeout@v1.2.1/timeout.go:102 [timeout.New.func1]
/Users/mac/go/pkg/mod/github.com/goravel/gin@v1.18.0/middleware_timeout.go:27 [gin.(*TimeoutMiddleware).Handle]
/Users/mac/go/pkg/mod/github.com/goravel/gin@v1.18.0/utils.go:66 [gin.(*Route).init.middlewaresToGinHandlers.middlewareToGinHandler.func1]
/Users/mac/go/pkg/mod/github.com/gin-gonic/gin@v1.12.0/context.go:192 [gin.(*Context).Next]
/Users/mac/go/pkg/mod/github.com/goravel/gin@v1.18.0/context_request.go:233 [gin.(*ContextRequest).Next]
/Users/mac/go/pkg/mod/github.com/goravel/gin@v1.18.0/route.go:42 [gin.(*recoverMiddleware).Handle]
/Users/mac/go/pkg/mod/github.com/goravel/gin@v1.18.0/utils.go:66 [gin.(*Route).init.middlewaresToGinHandlers.middlewareToGinHandler.func1]
/Users/mac/go/pkg/mod/github.com/gin-gonic/gin@v1.12.0/context.go:192 [gin.(*Context).Next]
/Users/mac/go/pkg/mod/github.com/gin-gonic/gin@v1.12.0/logger.go:282 [gin.LoggerWithConfig.func1]
/Users/mac/go/pkg/mod/github.com/gin-gonic/gin@v1.12.0/context.go:192 [gin.(*Context).Next]
/Users/mac/go/pkg/mod/github.com/gin-gonic/gin@v1.12.0/gin.go:722 [gin.(*Engine).handleHTTPRequest]
/Users/mac/go/pkg/mod/github.com/gin-gonic/gin@v1.12.0/gin.go:672 [gin.(*Engine).ServeHTTP]
/opt/homebrew/opt/go/libexec/src/net/http/server.go:3335 [gin.(*Route).Run.AllowQuerySemicolons.func1]
/opt/homebrew/opt/go/libexec/src/net/http/server.go:2286 [http.HandlerFunc.ServeHTTP]
/opt/homebrew/opt/go/libexec/src/net/http/server.go:3311 [http.serverHandler.ServeHTTP]
[2026-07-25 00:26:29.132] local.error: runtime error: slice bounds out of range [7:6]
[Request] map[body:map[id:72] header:map[Accept:[*/*] Authorization:[Bearer] User-Agent:[curl/8.7.1]] method:GET uri:http://127.0.0.1:3000/api/entry/72]
[Trace] /Users/mac/go/pkg/mod/github.com/goravel/framework@v1.18.0/log/writer.go:209 [log.(*Writer).withStackTrace]
/Users/mac/go/pkg/mod/github.com/goravel/framework@v1.18.0/log/writer.go:58 [log.(*Writer).Error]
/Users/mac/go/pkg/mod/github.com/goravel/gin@v1.18.0/route.go:327 [gin.defaultRecoverCallback]
/Users/mac/go/pkg/mod/github.com/goravel/gin@v1.18.0/route.go:39 [gin.(*recoverMiddleware).Handle.func1]
/opt/homebrew/opt/go/libexec/src/runtime/panic.go:860 [runtime.gopanic]
/Users/mac/go/pkg/mod/github.com/gin-contrib/timeout@v1.2.1/timeout.go:102 [timeout.New.func1]
/Users/mac/go/pkg/mod/github.com/goravel/gin@v1.18.0/middleware_timeout.go:27 [gin.(*TimeoutMiddleware).Handle]
/Users/mac/go/pkg/mod/github.com/goravel/gin@v1.18.0/utils.go:66 [gin.(*Route).init.middlewaresToGinHandlers.middlewareToGinHandler.func1]
/Users/mac/go/pkg/mod/github.com/gin-gonic/gin@v1.12.0/context.go:192 [gin.(*Context).Next]
/Users/mac/go/pkg/mod/github.com/goravel/gin@v1.18.0/context_request.go:233 [gin.(*ContextRequest).Next]
/Users/mac/go/pkg/mod/github.com/goravel/gin@v1.18.0/route.go:42 [gin.(*recoverMiddleware).Handle]
/Users/mac/go/pkg/mod/github.com/goravel/gin@v1.18.0/utils.go:66 [gin.(*Route).init.middlewaresToGinHandlers.middlewareToGinHandler.func1]
/Users/mac/go/pkg/mod/github.com/gin-gonic/gin@v1.12.0/context.go:192 [gin.(*Context).Next]
/Users/mac/go/pkg/mod/github.com/gin-gonic/gin@v1.12.0/logger.go:282 [gin.LoggerWithConfig.func1]
/Users/mac/go/pkg/mod/github.com/gin-gonic/gin@v1.12.0/context.go:192 [gin.(*Context).Next]
/Users/mac/go/pkg/mod/github.com/gin-gonic/gin@v1.12.0/gin.go:722 [gin.(*Engine).handleHTTPRequest]
/Users/mac/go/pkg/mod/github.com/gin-gonic/gin@v1.12.0/gin.go:672 [gin.(*Engine).ServeHTTP]
/opt/homebrew/opt/go/libexec/src/net/http/server.go:3335 [gin.(*Route).Run.AllowQuerySemicolons.func1]
/opt/homebrew/opt/go/libexec/src/net/http/server.go:2286 [http.HandlerFunc.ServeHTTP]
/opt/homebrew/opt/go/libexec/src/net/http/server.go:3311 [http.serverHandler.ServeHTTP]
[2026-07-25 00:26:42.667] local.info: [0.829ms] [rows:1] SELECT * FROM `emps` WHERE `workno` = '20001'
[Context] map[trace.traceContextKeyType:{Span:<nil> sc:{traceID:[0 0 0 0 0 0 0 0 0 0 0 0 0 0 0 0] spanID:[0 0 0 0 0 0 0 0] traceFlags:0 traceState:{list:[]} remote:false}}]
[2026-07-25 00:26:42.667] local.info: [0.380ms] [rows:1] SELECT * FROM `emps` WHERE workno='20001'
[Context] map[trace.traceContextKeyType:{Span:<nil> sc:{traceID:[0 0 0 0 0 0 0 0 0 0 0 0 0 0 0 0] spanID:[0 0 0 0 0 0 0 0] traceFlags:0 traceState:{list:[]} remote:false}}]
[2026-07-25 00:26:48.59] local.info: [0.689ms] [rows:1] SELECT * FROM `emps` WHERE `workno` = '0001'
[Context] map[trace.traceContextKeyType:{Span:<nil> sc:{traceID:[0 0 0 0 0 0 0 0 0 0 0 0 0 0 0 0] spanID:[0 0 0 0 0 0 0 0] traceFlags:0 traceState:{list:[]} remote:false}}]
[2026-07-25 00:26:48.59] local.info: [0.326ms] [rows:1] SELECT * FROM `emps` WHERE workno='0001'
[Context] map[trace.traceContextKeyType:{Span:<nil> sc:{traceID:[0 0 0 0 0 0 0 0 0 0 0 0 0 0 0 0] spanID:[0 0 0 0 0 0 0 0] traceFlags:0 traceState:{list:[]} remote:false}}]
[2026-07-25 00:26:48.843] local.info: [0.427ms] [rows:2] SELECT * FROM `entrydatas` WHERE `entrydatas`.`entry_id` = 72
[Context] map[trace.traceContextKeyType:{Span:<nil> sc:{traceID:[0 0 0 0 0 0 0 0 0 0 0 0 0 0 0 0] spanID:[0 0 0 0 0 0 0 0] traceFlags:0 traceState:{list:[]} remote:false}}]
[2026-07-25 00:26:48.846] local.error: [1.669ms] [rows:2] SELECT * FROM `templateforms` WHERE `templateforms`.`template_id` = 47	sql: Scan error on column index 7, name "field_rules": unexpected end of JSON input
[Context] map[trace.traceContextKeyType:{Span:<nil> sc:{traceID:[0 0 0 0 0 0 0 0 0 0 0 0 0 0 0 0] spanID:[0 0 0 0 0 0 0 0] traceFlags:0 traceState:{list:[]} remote:false}}]
[Trace] /Users/mac/go/pkg/mod/github.com/goravel/framework@v1.18.0/log/writer.go:209 [log.(*Writer).withStackTrace]
/Users/mac/go/pkg/mod/github.com/goravel/framework@v1.18.0/log/writer.go:65 [log.(*Writer).Errorf]
/Users/mac/go/pkg/mod/github.com/goravel/framework@v1.18.0/database/db/logger.go:79 [db.(*Logger).Errorf]
/Users/mac/go/pkg/mod/github.com/goravel/framework@v1.18.0/database/db/logger.go:102 [db.(*Logger).Trace]
/Users/mac/go/pkg/mod/github.com/goravel/framework@v1.18.0/database/db/logger.go:153 [db.(*Gorm).Trace]
/Users/mac/go/pkg/mod/gorm.io/gorm@v1.31.2/callbacks.go:140 [gorm.(*processor).Execute]
/Users/mac/go/pkg/mod/gorm.io/gorm@v1.31.2/finisher_api.go:182 [gorm.(*DB).Find]
/Users/mac/go/pkg/mod/gorm.io/gorm@v1.31.2/callbacks/preload.go:292 [callbacks.preload]
/Users/mac/go/pkg/mod/gorm.io/gorm@v1.31.2/callbacks/preload.go:158 [callbacks.preloadEntryPoint]
/Users/mac/go/pkg/mod/gorm.io/gorm@v1.31.2/callbacks/query.go:294 [callbacks.Preload]
/Users/mac/go/pkg/mod/gorm.io/gorm@v1.31.2/callbacks.go:136 [gorm.(*processor).Execute]
/Users/mac/go/pkg/mod/gorm.io/gorm@v1.31.2/finisher_api.go:182 [gorm.(*DB).Find]
/Users/mac/go/pkg/mod/gorm.io/gorm@v1.31.2/callbacks/preload.go:292 [callbacks.preload]
/Users/mac/go/pkg/mod/gorm.io/gorm@v1.31.2/callbacks/preload.go:158 [callbacks.preloadEntryPoint]
/Users/mac/go/pkg/mod/gorm.io/gorm@v1.31.2/callbacks/query.go:294 [callbacks.Preload]
/Users/mac/go/pkg/mod/gorm.io/gorm@v1.31.2/callbacks.go:136 [gorm.(*processor).Execute]
/Users/mac/go/pkg/mod/gorm.io/gorm@v1.31.2/finisher_api.go:182 [gorm.(*DB).Find]
/Users/mac/go/pkg/mod/gorm.io/gorm@v1.31.2/callbacks/preload.go:292 [callbacks.preload]
/Users/mac/go/pkg/mod/gorm.io/gorm@v1.31.2/callbacks/preload.go:158 [callbacks.preloadEntryPoint]
/Users/mac/go/pkg/mod/gorm.io/gorm@v1.31.2/callbacks/query.go:294 [callbacks.Preload]
/Users/mac/go/pkg/mod/gorm.io/gorm@v1.31.2/callbacks.go:136 [gorm.(*processor).Execute]
/Users/mac/go/pkg/mod/gorm.io/gorm@v1.31.2/finisher_api.go:182 [gorm.(*DB).Find]
/Users/mac/go/pkg/mod/github.com/goravel/framework@v1.18.0/database/gorm/query.go:278 [gorm.(*Query).Find]
/Users/mac/code/Sites/goland/workflow_test/packages/goravel-workflow/controllers/entry_controller.go:45 [controllers.(*EntryController).Show]
/Users/mac/go/pkg/mod/github.com/goravel/gin@v1.18.0/utils.go:37 [gin.(*Group).Get.handlerToGinHandler.func1]
/Users/mac/go/pkg/mod/github.com/gin-gonic/gin@v1.12.0/context.go:192 [gin.(*Context).Next]
/Users/mac/go/pkg/mod/github.com/goravel/gin@v1.18.0/context_request.go:233 [gin.(*ContextRequest).Next]
/Users/mac/go/pkg/mod/github.com/goravel/gin@v1.18.0/context_response.go:164 [gin.(*responseMiddleware).Handle]
/Users/mac/go/pkg/mod/github.com/goravel/gin@v1.18.0/utils.go:66 [gin.(*Group).WithMiddlewares.middlewaresToGinHandlers.middlewareToGinHandler.func1]
/Users/mac/go/pkg/mod/github.com/gin-gonic/gin@v1.12.0/context.go:192 [gin.(*Context).Next]
/Users/mac/go/pkg/mod/github.com/goravel/gin@v1.18.0/context_request.go:233 [gin.(*ContextRequest).Next]
/Users/mac/code/Sites/goland/workflow_test/packages/goravel-workflow/middleware/jwt.go:34 [middleware.(*Jwt).Handle]
/Users/mac/go/pkg/mod/github.com/goravel/gin@v1.18.0/utils.go:66 [gin.(*Group).WithMiddlewares.middlewaresToGinHandlers.middlewareToGinHandler.func1]
/Users/mac/go/pkg/mod/github.com/gin-gonic/gin@v1.12.0/context.go:192 [gin.(*Context).Next]
/Users/mac/go/pkg/mod/github.com/goravel/gin@v1.18.0/context_request.go:233 [gin.(*ContextRequest).Next]
/Users/mac/go/pkg/mod/github.com/goravel/framework@v1.18.0/http/middleware/check_for_maintenance_mode.go:34 [middleware.(*maintenanceMode).Handle]
/Users/mac/go/pkg/mod/github.com/goravel/gin@v1.18.0/utils.go:66 [gin.(*Route).init.middlewaresToGinHandlers.middlewareToGinHandler.func1]
/Users/mac/go/pkg/mod/github.com/gin-gonic/gin@v1.12.0/context.go:192 [gin.(*Context).Next]
/Users/mac/go/pkg/mod/github.com/goravel/gin@v1.18.0/context_request.go:233 [gin.(*ContextRequest).Next]
/Users/mac/go/pkg/mod/github.com/goravel/gin@v1.18.0/middleware_tls.go:23 [gin.(*TlsMiddleware).Handle]
/Users/mac/go/pkg/mod/github.com/goravel/gin@v1.18.0/utils.go:66 [gin.(*Route).init.middlewaresToGinHandlers.middlewareToGinHandler.func1]
/Users/mac/go/pkg/mod/github.com/gin-gonic/gin@v1.12.0/context.go:192 [gin.(*Context).Next]
/Users/mac/go/pkg/mod/github.com/goravel/gin@v1.18.0/context_request.go:233 [gin.(*ContextRequest).Next]
/Users/mac/go/pkg/mod/github.com/goravel/gin@v1.18.0/middleware_cors.go:42 [gin.(*CorsMiddleware).Handle]
/Users/mac/go/pkg/mod/github.com/goravel/gin@v1.18.0/utils.go:66 [gin.(*Route).init.middlewaresToGinHandlers.middlewareToGinHandler.func1]
/Users/mac/go/pkg/mod/github.com/gin-gonic/gin@v1.12.0/context.go:192 [gin.(*Context).Next]
[2026-07-25 00:26:48.846] local.error: [2.203ms] [rows:1] SELECT * FROM `templates` WHERE `templates`.`id` = 47	sql: Scan error on column index 7, name "field_rules": unexpected end of JSON input
[Context] map[trace.traceContextKeyType:{Span:<nil> sc:{traceID:[0 0 0 0 0 0 0 0 0 0 0 0 0 0 0 0] spanID:[0 0 0 0 0 0 0 0] traceFlags:0 traceState:{list:[]} remote:false}}]
[Trace] /Users/mac/go/pkg/mod/github.com/goravel/framework@v1.18.0/log/writer.go:209 [log.(*Writer).withStackTrace]
/Users/mac/go/pkg/mod/github.com/goravel/framework@v1.18.0/log/writer.go:65 [log.(*Writer).Errorf]
/Users/mac/go/pkg/mod/github.com/goravel/framework@v1.18.0/database/db/logger.go:79 [db.(*Logger).Errorf]
/Users/mac/go/pkg/mod/github.com/goravel/framework@v1.18.0/database/db/logger.go:102 [db.(*Logger).Trace]
/Users/mac/go/pkg/mod/github.com/goravel/framework@v1.18.0/database/db/logger.go:153 [db.(*Gorm).Trace]
/Users/mac/go/pkg/mod/gorm.io/gorm@v1.31.2/callbacks.go:140 [gorm.(*processor).Execute]
/Users/mac/go/pkg/mod/gorm.io/gorm@v1.31.2/finisher_api.go:182 [gorm.(*DB).Find]
/Users/mac/go/pkg/mod/gorm.io/gorm@v1.31.2/callbacks/preload.go:292 [callbacks.preload]
/Users/mac/go/pkg/mod/gorm.io/gorm@v1.31.2/callbacks/preload.go:158 [callbacks.preloadEntryPoint]
/Users/mac/go/pkg/mod/gorm.io/gorm@v1.31.2/callbacks/query.go:294 [callbacks.Preload]
/Users/mac/go/pkg/mod/gorm.io/gorm@v1.31.2/callbacks.go:136 [gorm.(*processor).Execute]
/Users/mac/go/pkg/mod/gorm.io/gorm@v1.31.2/finisher_api.go:182 [gorm.(*DB).Find]
/Users/mac/go/pkg/mod/gorm.io/gorm@v1.31.2/callbacks/preload.go:292 [callbacks.preload]
/Users/mac/go/pkg/mod/gorm.io/gorm@v1.31.2/callbacks/preload.go:158 [callbacks.preloadEntryPoint]
/Users/mac/go/pkg/mod/gorm.io/gorm@v1.31.2/callbacks/query.go:294 [callbacks.Preload]
/Users/mac/go/pkg/mod/gorm.io/gorm@v1.31.2/callbacks.go:136 [gorm.(*processor).Execute]
/Users/mac/go/pkg/mod/gorm.io/gorm@v1.31.2/finisher_api.go:182 [gorm.(*DB).Find]
/Users/mac/go/pkg/mod/github.com/goravel/framework@v1.18.0/database/gorm/query.go:278 [gorm.(*Query).Find]
/Users/mac/code/Sites/goland/workflow_test/packages/goravel-workflow/controllers/entry_controller.go:45 [controllers.(*EntryController).Show]
/Users/mac/go/pkg/mod/github.com/goravel/gin@v1.18.0/utils.go:37 [gin.(*Group).Get.handlerToGinHandler.func1]
/Users/mac/go/pkg/mod/github.com/gin-gonic/gin@v1.12.0/context.go:192 [gin.(*Context).Next]
/Users/mac/go/pkg/mod/github.com/goravel/gin@v1.18.0/context_request.go:233 [gin.(*ContextRequest).Next]
/Users/mac/go/pkg/mod/github.com/goravel/gin@v1.18.0/context_response.go:164 [gin.(*responseMiddleware).Handle]
/Users/mac/go/pkg/mod/github.com/goravel/gin@v1.18.0/utils.go:66 [gin.(*Group).WithMiddlewares.middlewaresToGinHandlers.middlewareToGinHandler.func1]
/Users/mac/go/pkg/mod/github.com/gin-gonic/gin@v1.12.0/context.go:192 [gin.(*Context).Next]
/Users/mac/go/pkg/mod/github.com/goravel/gin@v1.18.0/context_request.go:233 [gin.(*ContextRequest).Next]
/Users/mac/code/Sites/goland/workflow_test/packages/goravel-workflow/middleware/jwt.go:34 [middleware.(*Jwt).Handle]
/Users/mac/go/pkg/mod/github.com/goravel/gin@v1.18.0/utils.go:66 [gin.(*Group).WithMiddlewares.middlewaresToGinHandlers.middlewareToGinHandler.func1]
/Users/mac/go/pkg/mod/github.com/gin-gonic/gin@v1.12.0/context.go:192 [gin.(*Context).Next]
/Users/mac/go/pkg/mod/github.com/goravel/gin@v1.18.0/context_request.go:233 [gin.(*ContextRequest).Next]
/Users/mac/go/pkg/mod/github.com/goravel/framework@v1.18.0/http/middleware/check_for_maintenance_mode.go:34 [middleware.(*maintenanceMode).Handle]
/Users/mac/go/pkg/mod/github.com/goravel/gin@v1.18.0/utils.go:66 [gin.(*Route).init.middlewaresToGinHandlers.middlewareToGinHandler.func1]
/Users/mac/go/pkg/mod/github.com/gin-gonic/gin@v1.12.0/context.go:192 [gin.(*Context).Next]
/Users/mac/go/pkg/mod/github.com/goravel/gin@v1.18.0/context_request.go:233 [gin.(*ContextRequest).Next]
/Users/mac/go/pkg/mod/github.com/goravel/gin@v1.18.0/middleware_tls.go:23 [gin.(*TlsMiddleware).Handle]
/Users/mac/go/pkg/mod/github.com/goravel/gin@v1.18.0/utils.go:66 [gin.(*Route).init.middlewaresToGinHandlers.middlewareToGinHandler.func1]
/Users/mac/go/pkg/mod/github.com/gin-gonic/gin@v1.12.0/context.go:192 [gin.(*Context).Next]
/Users/mac/go/pkg/mod/github.com/goravel/gin@v1.18.0/context_request.go:233 [gin.(*ContextRequest).Next]
/Users/mac/go/pkg/mod/github.com/goravel/gin@v1.18.0/middleware_cors.go:42 [gin.(*CorsMiddleware).Handle]
/Users/mac/go/pkg/mod/github.com/goravel/gin@v1.18.0/utils.go:66 [gin.(*Route).init.middlewaresToGinHandlers.middlewareToGinHandler.func1]
/Users/mac/go/pkg/mod/github.com/gin-gonic/gin@v1.12.0/context.go:192 [gin.(*Context).Next]
[2026-07-25 00:26:48.846] local.error: [2.614ms] [rows:1] SELECT * FROM `flows` WHERE `flows`.`id` = 43	sql: Scan error on column index 7, name "field_rules": unexpected end of JSON input
[Context] map[trace.traceContextKeyType:{Span:<nil> sc:{traceID:[0 0 0 0 0 0 0 0 0 0 0 0 0 0 0 0] spanID:[0 0 0 0 0 0 0 0] traceFlags:0 traceState:{list:[]} remote:false}}]
[Trace] /Users/mac/go/pkg/mod/github.com/goravel/framework@v1.18.0/log/writer.go:209 [log.(*Writer).withStackTrace]
/Users/mac/go/pkg/mod/github.com/goravel/framework@v1.18.0/log/writer.go:65 [log.(*Writer).Errorf]
/Users/mac/go/pkg/mod/github.com/goravel/framework@v1.18.0/database/db/logger.go:79 [db.(*Logger).Errorf]
/Users/mac/go/pkg/mod/github.com/goravel/framework@v1.18.0/database/db/logger.go:102 [db.(*Logger).Trace]
/Users/mac/go/pkg/mod/github.com/goravel/framework@v1.18.0/database/db/logger.go:153 [db.(*Gorm).Trace]
/Users/mac/go/pkg/mod/gorm.io/gorm@v1.31.2/callbacks.go:140 [gorm.(*processor).Execute]
/Users/mac/go/pkg/mod/gorm.io/gorm@v1.31.2/finisher_api.go:182 [gorm.(*DB).Find]
/Users/mac/go/pkg/mod/gorm.io/gorm@v1.31.2/callbacks/preload.go:292 [callbacks.preload]
/Users/mac/go/pkg/mod/gorm.io/gorm@v1.31.2/callbacks/preload.go:158 [callbacks.preloadEntryPoint]
/Users/mac/go/pkg/mod/gorm.io/gorm@v1.31.2/callbacks/query.go:294 [callbacks.Preload]
/Users/mac/go/pkg/mod/gorm.io/gorm@v1.31.2/callbacks.go:136 [gorm.(*processor).Execute]
/Users/mac/go/pkg/mod/gorm.io/gorm@v1.31.2/finisher_api.go:182 [gorm.(*DB).Find]
/Users/mac/go/pkg/mod/github.com/goravel/framework@v1.18.0/database/gorm/query.go:278 [gorm.(*Query).Find]
/Users/mac/code/Sites/goland/workflow_test/packages/goravel-workflow/controllers/entry_controller.go:45 [controllers.(*EntryController).Show]
/Users/mac/go/pkg/mod/github.com/goravel/gin@v1.18.0/utils.go:37 [gin.(*Group).Get.handlerToGinHandler.func1]
/Users/mac/go/pkg/mod/github.com/gin-gonic/gin@v1.12.0/context.go:192 [gin.(*Context).Next]
/Users/mac/go/pkg/mod/github.com/goravel/gin@v1.18.0/context_request.go:233 [gin.(*ContextRequest).Next]
/Users/mac/go/pkg/mod/github.com/goravel/gin@v1.18.0/context_response.go:164 [gin.(*responseMiddleware).Handle]
/Users/mac/go/pkg/mod/github.com/goravel/gin@v1.18.0/utils.go:66 [gin.(*Group).WithMiddlewares.middlewaresToGinHandlers.middlewareToGinHandler.func1]
/Users/mac/go/pkg/mod/github.com/gin-gonic/gin@v1.12.0/context.go:192 [gin.(*Context).Next]
/Users/mac/go/pkg/mod/github.com/goravel/gin@v1.18.0/context_request.go:233 [gin.(*ContextRequest).Next]
/Users/mac/code/Sites/goland/workflow_test/packages/goravel-workflow/middleware/jwt.go:34 [middleware.(*Jwt).Handle]
/Users/mac/go/pkg/mod/github.com/goravel/gin@v1.18.0/utils.go:66 [gin.(*Group).WithMiddlewares.middlewaresToGinHandlers.middlewareToGinHandler.func1]
/Users/mac/go/pkg/mod/github.com/gin-gonic/gin@v1.12.0/context.go:192 [gin.(*Context).Next]
/Users/mac/go/pkg/mod/github.com/goravel/gin@v1.18.0/context_request.go:233 [gin.(*ContextRequest).Next]
/Users/mac/go/pkg/mod/github.com/goravel/framework@v1.18.0/http/middleware/check_for_maintenance_mode.go:34 [middleware.(*maintenanceMode).Handle]
/Users/mac/go/pkg/mod/github.com/goravel/gin@v1.18.0/utils.go:66 [gin.(*Route).init.middlewaresToGinHandlers.middlewareToGinHandler.func1]
/Users/mac/go/pkg/mod/github.com/gin-gonic/gin@v1.12.0/context.go:192 [gin.(*Context).Next]
/Users/mac/go/pkg/mod/github.com/goravel/gin@v1.18.0/context_request.go:233 [gin.(*ContextRequest).Next]
/Users/mac/go/pkg/mod/github.com/goravel/gin@v1.18.0/middleware_tls.go:23 [gin.(*TlsMiddleware).Handle]
/Users/mac/go/pkg/mod/github.com/goravel/gin@v1.18.0/utils.go:66 [gin.(*Route).init.middlewaresToGinHandlers.middlewareToGinHandler.func1]
/Users/mac/go/pkg/mod/github.com/gin-gonic/gin@v1.12.0/context.go:192 [gin.(*Context).Next]
/Users/mac/go/pkg/mod/github.com/goravel/gin@v1.18.0/context_request.go:233 [gin.(*ContextRequest).Next]
/Users/mac/go/pkg/mod/github.com/goravel/gin@v1.18.0/middleware_cors.go:42 [gin.(*CorsMiddleware).Handle]
/Users/mac/go/pkg/mod/github.com/goravel/gin@v1.18.0/utils.go:66 [gin.(*Route).init.middlewaresToGinHandlers.middlewareToGinHandler.func1]
/Users/mac/go/pkg/mod/github.com/gin-gonic/gin@v1.12.0/context.go:192 [gin.(*Context).Next]
[2026-07-25 00:26:48.846] local.error: [4.654ms] [rows:1] SELECT * FROM `entries` WHERE `id` = 72	sql: Scan error on column index 7, name "field_rules": unexpected end of JSON input
[Context] map[trace.traceContextKeyType:{Span:<nil> sc:{traceID:[0 0 0 0 0 0 0 0 0 0 0 0 0 0 0 0] spanID:[0 0 0 0 0 0 0 0] traceFlags:0 traceState:{list:[]} remote:false}}]
[Trace] /Users/mac/go/pkg/mod/github.com/goravel/framework@v1.18.0/log/writer.go:209 [log.(*Writer).withStackTrace]
/Users/mac/go/pkg/mod/github.com/goravel/framework@v1.18.0/log/writer.go:65 [log.(*Writer).Errorf]
/Users/mac/go/pkg/mod/github.com/goravel/framework@v1.18.0/database/db/logger.go:79 [db.(*Logger).Errorf]
/Users/mac/go/pkg/mod/github.com/goravel/framework@v1.18.0/database/db/logger.go:102 [db.(*Logger).Trace]
/Users/mac/go/pkg/mod/github.com/goravel/framework@v1.18.0/database/db/logger.go:153 [db.(*Gorm).Trace]
/Users/mac/go/pkg/mod/gorm.io/gorm@v1.31.2/callbacks.go:140 [gorm.(*processor).Execute]
/Users/mac/go/pkg/mod/gorm.io/gorm@v1.31.2/finisher_api.go:182 [gorm.(*DB).Find]
/Users/mac/go/pkg/mod/github.com/goravel/framework@v1.18.0/database/gorm/query.go:278 [gorm.(*Query).Find]
/Users/mac/code/Sites/goland/workflow_test/packages/goravel-workflow/controllers/entry_controller.go:45 [controllers.(*EntryController).Show]
/Users/mac/go/pkg/mod/github.com/goravel/gin@v1.18.0/utils.go:37 [gin.(*Group).Get.handlerToGinHandler.func1]
/Users/mac/go/pkg/mod/github.com/gin-gonic/gin@v1.12.0/context.go:192 [gin.(*Context).Next]
/Users/mac/go/pkg/mod/github.com/goravel/gin@v1.18.0/context_request.go:233 [gin.(*ContextRequest).Next]
/Users/mac/go/pkg/mod/github.com/goravel/gin@v1.18.0/context_response.go:164 [gin.(*responseMiddleware).Handle]
/Users/mac/go/pkg/mod/github.com/goravel/gin@v1.18.0/utils.go:66 [gin.(*Group).WithMiddlewares.middlewaresToGinHandlers.middlewareToGinHandler.func1]
/Users/mac/go/pkg/mod/github.com/gin-gonic/gin@v1.12.0/context.go:192 [gin.(*Context).Next]
/Users/mac/go/pkg/mod/github.com/goravel/gin@v1.18.0/context_request.go:233 [gin.(*ContextRequest).Next]
/Users/mac/code/Sites/goland/workflow_test/packages/goravel-workflow/middleware/jwt.go:34 [middleware.(*Jwt).Handle]
/Users/mac/go/pkg/mod/github.com/goravel/gin@v1.18.0/utils.go:66 [gin.(*Group).WithMiddlewares.middlewaresToGinHandlers.middlewareToGinHandler.func1]
/Users/mac/go/pkg/mod/github.com/gin-gonic/gin@v1.12.0/context.go:192 [gin.(*Context).Next]
/Users/mac/go/pkg/mod/github.com/goravel/gin@v1.18.0/context_request.go:233 [gin.(*ContextRequest).Next]
/Users/mac/go/pkg/mod/github.com/goravel/framework@v1.18.0/http/middleware/check_for_maintenance_mode.go:34 [middleware.(*maintenanceMode).Handle]
/Users/mac/go/pkg/mod/github.com/goravel/gin@v1.18.0/utils.go:66 [gin.(*Route).init.middlewaresToGinHandlers.middlewareToGinHandler.func1]
/Users/mac/go/pkg/mod/github.com/gin-gonic/gin@v1.12.0/context.go:192 [gin.(*Context).Next]
/Users/mac/go/pkg/mod/github.com/goravel/gin@v1.18.0/context_request.go:233 [gin.(*ContextRequest).Next]
/Users/mac/go/pkg/mod/github.com/goravel/gin@v1.18.0/middleware_tls.go:23 [gin.(*TlsMiddleware).Handle]
/Users/mac/go/pkg/mod/github.com/goravel/gin@v1.18.0/utils.go:66 [gin.(*Route).init.middlewaresToGinHandlers.middlewareToGinHandler.func1]
/Users/mac/go/pkg/mod/github.com/gin-gonic/gin@v1.12.0/context.go:192 [gin.(*Context).Next]
/Users/mac/go/pkg/mod/github.com/goravel/gin@v1.18.0/context_request.go:233 [gin.(*ContextRequest).Next]
/Users/mac/go/pkg/mod/github.com/goravel/gin@v1.18.0/middleware_cors.go:42 [gin.(*CorsMiddleware).Handle]
/Users/mac/go/pkg/mod/github.com/goravel/gin@v1.18.0/utils.go:66 [gin.(*Route).init.middlewaresToGinHandlers.middlewareToGinHandler.func1]
/Users/mac/go/pkg/mod/github.com/gin-gonic/gin@v1.12.0/context.go:192 [gin.(*Context).Next]
[2026-07-25 00:26:55.134] local.info: [0.648ms] [rows:1] SELECT * FROM `emps` WHERE `workno` = '20001'
[Context] map[trace.traceContextKeyType:{Span:<nil> sc:{traceID:[0 0 0 0 0 0 0 0 0 0 0 0 0 0 0 0] spanID:[0 0 0 0 0 0 0 0] traceFlags:0 traceState:{list:[]} remote:false}}]
[2026-07-25 00:26:55.134] local.info: [0.340ms] [rows:1] SELECT * FROM `emps` WHERE workno='20001'
[Context] map[trace.traceContextKeyType:{Span:<nil> sc:{traceID:[0 0 0 0 0 0 0 0 0 0 0 0 0 0 0 0] spanID:[0 0 0 0 0 0 0 0] traceFlags:0 traceState:{list:[]} remote:false}}]
[2026-07-25 00:27:07.855] local.error: runtime error: slice bounds out of range [7:6]
[Request] map[body:map[id:72] header:map[Accept:[*/*] Authorization:[Bearer] User-Agent:[curl/8.7.1]] method:GET uri:http://127.0.0.1:3000/api/entry/72]
[Trace] /Users/mac/go/pkg/mod/github.com/goravel/framework@v1.18.0/log/writer.go:209 [log.(*Writer).withStackTrace]
/Users/mac/go/pkg/mod/github.com/goravel/framework@v1.18.0/log/writer.go:58 [log.(*Writer).Error]
/Users/mac/go/pkg/mod/github.com/goravel/gin@v1.18.0/route.go:327 [gin.defaultRecoverCallback]
/Users/mac/go/pkg/mod/github.com/goravel/gin@v1.18.0/route.go:39 [gin.(*recoverMiddleware).Handle.func1]
/opt/homebrew/opt/go/libexec/src/runtime/panic.go:860 [runtime.gopanic]
/Users/mac/go/pkg/mod/github.com/gin-contrib/timeout@v1.2.1/timeout.go:102 [timeout.New.func1]
/Users/mac/go/pkg/mod/github.com/goravel/gin@v1.18.0/middleware_timeout.go:27 [gin.(*TimeoutMiddleware).Handle]
/Users/mac/go/pkg/mod/github.com/goravel/gin@v1.18.0/utils.go:66 [gin.(*Route).init.middlewaresToGinHandlers.middlewareToGinHandler.func1]
/Users/mac/go/pkg/mod/github.com/gin-gonic/gin@v1.12.0/context.go:192 [gin.(*Context).Next]
/Users/mac/go/pkg/mod/github.com/goravel/gin@v1.18.0/context_request.go:233 [gin.(*ContextRequest).Next]
/Users/mac/go/pkg/mod/github.com/goravel/gin@v1.18.0/route.go:42 [gin.(*recoverMiddleware).Handle]
/Users/mac/go/pkg/mod/github.com/goravel/gin@v1.18.0/utils.go:66 [gin.(*Route).init.middlewaresToGinHandlers.middlewareToGinHandler.func1]
/Users/mac/go/pkg/mod/github.com/gin-gonic/gin@v1.12.0/context.go:192 [gin.(*Context).Next]
/Users/mac/go/pkg/mod/github.com/gin-gonic/gin@v1.12.0/logger.go:282 [gin.LoggerWithConfig.func1]
/Users/mac/go/pkg/mod/github.com/gin-gonic/gin@v1.12.0/context.go:192 [gin.(*Context).Next]
/Users/mac/go/pkg/mod/github.com/gin-gonic/gin@v1.12.0/gin.go:722 [gin.(*Engine).handleHTTPRequest]
/Users/mac/go/pkg/mod/github.com/gin-gonic/gin@v1.12.0/gin.go:672 [gin.(*Engine).ServeHTTP]
/opt/homebrew/opt/go/libexec/src/net/http/server.go:3335 [gin.(*Route).Run.AllowQuerySemicolons.func1]
/opt/homebrew/opt/go/libexec/src/net/http/server.go:2286 [http.HandlerFunc.ServeHTTP]
/opt/homebrew/opt/go/libexec/src/net/http/server.go:3311 [http.serverHandler.ServeHTTP]
[2026-07-25 00:28:14.031] local.info: [0.823ms] [rows:1] SELECT * FROM `emps` WHERE `workno` = '20001'
[Context] map[trace.traceContextKeyType:{Span:<nil> sc:{traceID:[0 0 0 0 0 0 0 0 0 0 0 0 0 0 0 0] spanID:[0 0 0 0 0 0 0 0] traceFlags:0 traceState:{list:[]} remote:false}}]
[2026-07-25 00:28:14.032] local.info: [0.420ms] [rows:1] SELECT * FROM `emps` WHERE workno='20001'
[Context] map[trace.traceContextKeyType:{Span:<nil> sc:{traceID:[0 0 0 0 0 0 0 0 0 0 0 0 0 0 0 0] spanID:[0 0 0 0 0 0 0 0] traceFlags:0 traceState:{list:[]} remote:false}}]
[2026-07-25 00:28:14.288] local.info: [0.347ms] [rows:2] SELECT * FROM `entrydatas` WHERE `entrydatas`.`entry_id` = 72
[Context] map[trace.traceContextKeyType:{Span:<nil> sc:{traceID:[0 0 0 0 0 0 0 0 0 0 0 0 0 0 0 0] spanID:[0 0 0 0 0 0 0 0] traceFlags:0 traceState:{list:[]} remote:false}}]
[2026-07-25 00:28:14.289] local.error: [0.256ms] [rows:2] SELECT * FROM `templateforms` WHERE `templateforms`.`template_id` = 47	sql: Scan error on column index 7, name "field_rules": unexpected end of JSON input
[Context] map[trace.traceContextKeyType:{Span:<nil> sc:{traceID:[0 0 0 0 0 0 0 0 0 0 0 0 0 0 0 0] spanID:[0 0 0 0 0 0 0 0] traceFlags:0 traceState:{list:[]} remote:false}}]
[Trace] /Users/mac/go/pkg/mod/github.com/goravel/framework@v1.18.0/log/writer.go:209 [log.(*Writer).withStackTrace]
/Users/mac/go/pkg/mod/github.com/goravel/framework@v1.18.0/log/writer.go:65 [log.(*Writer).Errorf]
/Users/mac/go/pkg/mod/github.com/goravel/framework@v1.18.0/database/db/logger.go:79 [db.(*Logger).Errorf]
/Users/mac/go/pkg/mod/github.com/goravel/framework@v1.18.0/database/db/logger.go:102 [db.(*Logger).Trace]
/Users/mac/go/pkg/mod/github.com/goravel/framework@v1.18.0/database/db/logger.go:153 [db.(*Gorm).Trace]
/Users/mac/go/pkg/mod/gorm.io/gorm@v1.31.2/callbacks.go:140 [gorm.(*processor).Execute]
/Users/mac/go/pkg/mod/gorm.io/gorm@v1.31.2/finisher_api.go:182 [gorm.(*DB).Find]
/Users/mac/go/pkg/mod/gorm.io/gorm@v1.31.2/callbacks/preload.go:292 [callbacks.preload]
/Users/mac/go/pkg/mod/gorm.io/gorm@v1.31.2/callbacks/preload.go:158 [callbacks.preloadEntryPoint]
/Users/mac/go/pkg/mod/gorm.io/gorm@v1.31.2/callbacks/query.go:294 [callbacks.Preload]
/Users/mac/go/pkg/mod/gorm.io/gorm@v1.31.2/callbacks.go:136 [gorm.(*processor).Execute]
/Users/mac/go/pkg/mod/gorm.io/gorm@v1.31.2/finisher_api.go:182 [gorm.(*DB).Find]
/Users/mac/go/pkg/mod/gorm.io/gorm@v1.31.2/callbacks/preload.go:292 [callbacks.preload]
/Users/mac/go/pkg/mod/gorm.io/gorm@v1.31.2/callbacks/preload.go:158 [callbacks.preloadEntryPoint]
/Users/mac/go/pkg/mod/gorm.io/gorm@v1.31.2/callbacks/query.go:294 [callbacks.Preload]
/Users/mac/go/pkg/mod/gorm.io/gorm@v1.31.2/callbacks.go:136 [gorm.(*processor).Execute]
/Users/mac/go/pkg/mod/gorm.io/gorm@v1.31.2/finisher_api.go:182 [gorm.(*DB).Find]
/Users/mac/go/pkg/mod/gorm.io/gorm@v1.31.2/callbacks/preload.go:292 [callbacks.preload]
/Users/mac/go/pkg/mod/gorm.io/gorm@v1.31.2/callbacks/preload.go:158 [callbacks.preloadEntryPoint]
/Users/mac/go/pkg/mod/gorm.io/gorm@v1.31.2/callbacks/query.go:294 [callbacks.Preload]
/Users/mac/go/pkg/mod/gorm.io/gorm@v1.31.2/callbacks.go:136 [gorm.(*processor).Execute]
/Users/mac/go/pkg/mod/gorm.io/gorm@v1.31.2/finisher_api.go:182 [gorm.(*DB).Find]
/Users/mac/go/pkg/mod/github.com/goravel/framework@v1.18.0/database/gorm/query.go:278 [gorm.(*Query).Find]
/Users/mac/code/Sites/goland/workflow_test/packages/goravel-workflow/controllers/entry_controller.go:45 [controllers.(*EntryController).Show]
/Users/mac/go/pkg/mod/github.com/goravel/gin@v1.18.0/utils.go:37 [gin.(*Group).Get.handlerToGinHandler.func1]
/Users/mac/go/pkg/mod/github.com/gin-gonic/gin@v1.12.0/context.go:192 [gin.(*Context).Next]
/Users/mac/go/pkg/mod/github.com/goravel/gin@v1.18.0/context_request.go:233 [gin.(*ContextRequest).Next]
/Users/mac/go/pkg/mod/github.com/goravel/gin@v1.18.0/context_response.go:164 [gin.(*responseMiddleware).Handle]
/Users/mac/go/pkg/mod/github.com/goravel/gin@v1.18.0/utils.go:66 [gin.(*Group).WithMiddlewares.middlewaresToGinHandlers.middlewareToGinHandler.func1]
/Users/mac/go/pkg/mod/github.com/gin-gonic/gin@v1.12.0/context.go:192 [gin.(*Context).Next]
/Users/mac/go/pkg/mod/github.com/goravel/gin@v1.18.0/context_request.go:233 [gin.(*ContextRequest).Next]
/Users/mac/code/Sites/goland/workflow_test/packages/goravel-workflow/middleware/jwt.go:34 [middleware.(*Jwt).Handle]
/Users/mac/go/pkg/mod/github.com/goravel/gin@v1.18.0/utils.go:66 [gin.(*Group).WithMiddlewares.middlewaresToGinHandlers.middlewareToGinHandler.func1]
/Users/mac/go/pkg/mod/github.com/gin-gonic/gin@v1.12.0/context.go:192 [gin.(*Context).Next]
/Users/mac/go/pkg/mod/github.com/goravel/gin@v1.18.0/context_request.go:233 [gin.(*ContextRequest).Next]
/Users/mac/go/pkg/mod/github.com/goravel/framework@v1.18.0/http/middleware/check_for_maintenance_mode.go:34 [middleware.(*maintenanceMode).Handle]
/Users/mac/go/pkg/mod/github.com/goravel/gin@v1.18.0/utils.go:66 [gin.(*Route).init.middlewaresToGinHandlers.middlewareToGinHandler.func1]
/Users/mac/go/pkg/mod/github.com/gin-gonic/gin@v1.12.0/context.go:192 [gin.(*Context).Next]
/Users/mac/go/pkg/mod/github.com/goravel/gin@v1.18.0/context_request.go:233 [gin.(*ContextRequest).Next]
/Users/mac/go/pkg/mod/github.com/goravel/gin@v1.18.0/middleware_tls.go:23 [gin.(*TlsMiddleware).Handle]
/Users/mac/go/pkg/mod/github.com/goravel/gin@v1.18.0/utils.go:66 [gin.(*Route).init.middlewaresToGinHandlers.middlewareToGinHandler.func1]
/Users/mac/go/pkg/mod/github.com/gin-gonic/gin@v1.12.0/context.go:192 [gin.(*Context).Next]
/Users/mac/go/pkg/mod/github.com/goravel/gin@v1.18.0/context_request.go:233 [gin.(*ContextRequest).Next]
/Users/mac/go/pkg/mod/github.com/goravel/gin@v1.18.0/middleware_cors.go:42 [gin.(*CorsMiddleware).Handle]
/Users/mac/go/pkg/mod/github.com/goravel/gin@v1.18.0/utils.go:66 [gin.(*Route).init.middlewaresToGinHandlers.middlewareToGinHandler.func1]
/Users/mac/go/pkg/mod/github.com/gin-gonic/gin@v1.12.0/context.go:192 [gin.(*Context).Next]
[2026-07-25 00:28:14.289] local.error: [0.748ms] [rows:1] SELECT * FROM `templates` WHERE `templates`.`id` = 47	sql: Scan error on column index 7, name "field_rules": unexpected end of JSON input
[Context] map[trace.traceContextKeyType:{Span:<nil> sc:{traceID:[0 0 0 0 0 0 0 0 0 0 0 0 0 0 0 0] spanID:[0 0 0 0 0 0 0 0] traceFlags:0 traceState:{list:[]} remote:false}}]
[Trace] /Users/mac/go/pkg/mod/github.com/goravel/framework@v1.18.0/log/writer.go:209 [log.(*Writer).withStackTrace]
/Users/mac/go/pkg/mod/github.com/goravel/framework@v1.18.0/log/writer.go:65 [log.(*Writer).Errorf]
/Users/mac/go/pkg/mod/github.com/goravel/framework@v1.18.0/database/db/logger.go:79 [db.(*Logger).Errorf]
/Users/mac/go/pkg/mod/github.com/goravel/framework@v1.18.0/database/db/logger.go:102 [db.(*Logger).Trace]
/Users/mac/go/pkg/mod/github.com/goravel/framework@v1.18.0/database/db/logger.go:153 [db.(*Gorm).Trace]
/Users/mac/go/pkg/mod/gorm.io/gorm@v1.31.2/callbacks.go:140 [gorm.(*processor).Execute]
/Users/mac/go/pkg/mod/gorm.io/gorm@v1.31.2/finisher_api.go:182 [gorm.(*DB).Find]
/Users/mac/go/pkg/mod/gorm.io/gorm@v1.31.2/callbacks/preload.go:292 [callbacks.preload]
/Users/mac/go/pkg/mod/gorm.io/gorm@v1.31.2/callbacks/preload.go:158 [callbacks.preloadEntryPoint]
/Users/mac/go/pkg/mod/gorm.io/gorm@v1.31.2/callbacks/query.go:294 [callbacks.Preload]
/Users/mac/go/pkg/mod/gorm.io/gorm@v1.31.2/callbacks.go:136 [gorm.(*processor).Execute]
/Users/mac/go/pkg/mod/gorm.io/gorm@v1.31.2/finisher_api.go:182 [gorm.(*DB).Find]
/Users/mac/go/pkg/mod/gorm.io/gorm@v1.31.2/callbacks/preload.go:292 [callbacks.preload]
/Users/mac/go/pkg/mod/gorm.io/gorm@v1.31.2/callbacks/preload.go:158 [callbacks.preloadEntryPoint]
/Users/mac/go/pkg/mod/gorm.io/gorm@v1.31.2/callbacks/query.go:294 [callbacks.Preload]
/Users/mac/go/pkg/mod/gorm.io/gorm@v1.31.2/callbacks.go:136 [gorm.(*processor).Execute]
/Users/mac/go/pkg/mod/gorm.io/gorm@v1.31.2/finisher_api.go:182 [gorm.(*DB).Find]
/Users/mac/go/pkg/mod/github.com/goravel/framework@v1.18.0/database/gorm/query.go:278 [gorm.(*Query).Find]
/Users/mac/code/Sites/goland/workflow_test/packages/goravel-workflow/controllers/entry_controller.go:45 [controllers.(*EntryController).Show]
/Users/mac/go/pkg/mod/github.com/goravel/gin@v1.18.0/utils.go:37 [gin.(*Group).Get.handlerToGinHandler.func1]
/Users/mac/go/pkg/mod/github.com/gin-gonic/gin@v1.12.0/context.go:192 [gin.(*Context).Next]
/Users/mac/go/pkg/mod/github.com/goravel/gin@v1.18.0/context_request.go:233 [gin.(*ContextRequest).Next]
/Users/mac/go/pkg/mod/github.com/goravel/gin@v1.18.0/context_response.go:164 [gin.(*responseMiddleware).Handle]
/Users/mac/go/pkg/mod/github.com/goravel/gin@v1.18.0/utils.go:66 [gin.(*Group).WithMiddlewares.middlewaresToGinHandlers.middlewareToGinHandler.func1]
/Users/mac/go/pkg/mod/github.com/gin-gonic/gin@v1.12.0/context.go:192 [gin.(*Context).Next]
/Users/mac/go/pkg/mod/github.com/goravel/gin@v1.18.0/context_request.go:233 [gin.(*ContextRequest).Next]
/Users/mac/code/Sites/goland/workflow_test/packages/goravel-workflow/middleware/jwt.go:34 [middleware.(*Jwt).Handle]
/Users/mac/go/pkg/mod/github.com/goravel/gin@v1.18.0/utils.go:66 [gin.(*Group).WithMiddlewares.middlewaresToGinHandlers.middlewareToGinHandler.func1]
/Users/mac/go/pkg/mod/github.com/gin-gonic/gin@v1.12.0/context.go:192 [gin.(*Context).Next]
/Users/mac/go/pkg/mod/github.com/goravel/gin@v1.18.0/context_request.go:233 [gin.(*ContextRequest).Next]
/Users/mac/go/pkg/mod/github.com/goravel/framework@v1.18.0/http/middleware/check_for_maintenance_mode.go:34 [middleware.(*maintenanceMode).Handle]
/Users/mac/go/pkg/mod/github.com/goravel/gin@v1.18.0/utils.go:66 [gin.(*Route).init.middlewaresToGinHandlers.middlewareToGinHandler.func1]
/Users/mac/go/pkg/mod/github.com/gin-gonic/gin@v1.12.0/context.go:192 [gin.(*Context).Next]
/Users/mac/go/pkg/mod/github.com/goravel/gin@v1.18.0/context_request.go:233 [gin.(*ContextRequest).Next]
/Users/mac/go/pkg/mod/github.com/goravel/gin@v1.18.0/middleware_tls.go:23 [gin.(*TlsMiddleware).Handle]
/Users/mac/go/pkg/mod/github.com/goravel/gin@v1.18.0/utils.go:66 [gin.(*Route).init.middlewaresToGinHandlers.middlewareToGinHandler.func1]
/Users/mac/go/pkg/mod/github.com/gin-gonic/gin@v1.12.0/context.go:192 [gin.(*Context).Next]
/Users/mac/go/pkg/mod/github.com/goravel/gin@v1.18.0/context_request.go:233 [gin.(*ContextRequest).Next]
/Users/mac/go/pkg/mod/github.com/goravel/gin@v1.18.0/middleware_cors.go:42 [gin.(*CorsMiddleware).Handle]
/Users/mac/go/pkg/mod/github.com/goravel/gin@v1.18.0/utils.go:66 [gin.(*Route).init.middlewaresToGinHandlers.middlewareToGinHandler.func1]
/Users/mac/go/pkg/mod/github.com/gin-gonic/gin@v1.12.0/context.go:192 [gin.(*Context).Next]
[2026-07-25 00:28:14.289] local.error: [1.169ms] [rows:1] SELECT * FROM `flows` WHERE `flows`.`id` = 43	sql: Scan error on column index 7, name "field_rules": unexpected end of JSON input
[Context] map[trace.traceContextKeyType:{Span:<nil> sc:{traceID:[0 0 0 0 0 0 0 0 0 0 0 0 0 0 0 0] spanID:[0 0 0 0 0 0 0 0] traceFlags:0 traceState:{list:[]} remote:false}}]
[Trace] /Users/mac/go/pkg/mod/github.com/goravel/framework@v1.18.0/log/writer.go:209 [log.(*Writer).withStackTrace]
/Users/mac/go/pkg/mod/github.com/goravel/framework@v1.18.0/log/writer.go:65 [log.(*Writer).Errorf]
/Users/mac/go/pkg/mod/github.com/goravel/framework@v1.18.0/database/db/logger.go:79 [db.(*Logger).Errorf]
/Users/mac/go/pkg/mod/github.com/goravel/framework@v1.18.0/database/db/logger.go:102 [db.(*Logger).Trace]
/Users/mac/go/pkg/mod/github.com/goravel/framework@v1.18.0/database/db/logger.go:153 [db.(*Gorm).Trace]
/Users/mac/go/pkg/mod/gorm.io/gorm@v1.31.2/callbacks.go:140 [gorm.(*processor).Execute]
/Users/mac/go/pkg/mod/gorm.io/gorm@v1.31.2/finisher_api.go:182 [gorm.(*DB).Find]
/Users/mac/go/pkg/mod/gorm.io/gorm@v1.31.2/callbacks/preload.go:292 [callbacks.preload]
/Users/mac/go/pkg/mod/gorm.io/gorm@v1.31.2/callbacks/preload.go:158 [callbacks.preloadEntryPoint]
/Users/mac/go/pkg/mod/gorm.io/gorm@v1.31.2/callbacks/query.go:294 [callbacks.Preload]
/Users/mac/go/pkg/mod/gorm.io/gorm@v1.31.2/callbacks.go:136 [gorm.(*processor).Execute]
/Users/mac/go/pkg/mod/gorm.io/gorm@v1.31.2/finisher_api.go:182 [gorm.(*DB).Find]
/Users/mac/go/pkg/mod/github.com/goravel/framework@v1.18.0/database/gorm/query.go:278 [gorm.(*Query).Find]
/Users/mac/code/Sites/goland/workflow_test/packages/goravel-workflow/controllers/entry_controller.go:45 [controllers.(*EntryController).Show]
/Users/mac/go/pkg/mod/github.com/goravel/gin@v1.18.0/utils.go:37 [gin.(*Group).Get.handlerToGinHandler.func1]
/Users/mac/go/pkg/mod/github.com/gin-gonic/gin@v1.12.0/context.go:192 [gin.(*Context).Next]
/Users/mac/go/pkg/mod/github.com/goravel/gin@v1.18.0/context_request.go:233 [gin.(*ContextRequest).Next]
/Users/mac/go/pkg/mod/github.com/goravel/gin@v1.18.0/context_response.go:164 [gin.(*responseMiddleware).Handle]
/Users/mac/go/pkg/mod/github.com/goravel/gin@v1.18.0/utils.go:66 [gin.(*Group).WithMiddlewares.middlewaresToGinHandlers.middlewareToGinHandler.func1]
/Users/mac/go/pkg/mod/github.com/gin-gonic/gin@v1.12.0/context.go:192 [gin.(*Context).Next]
/Users/mac/go/pkg/mod/github.com/goravel/gin@v1.18.0/context_request.go:233 [gin.(*ContextRequest).Next]
/Users/mac/code/Sites/goland/workflow_test/packages/goravel-workflow/middleware/jwt.go:34 [middleware.(*Jwt).Handle]
/Users/mac/go/pkg/mod/github.com/goravel/gin@v1.18.0/utils.go:66 [gin.(*Group).WithMiddlewares.middlewaresToGinHandlers.middlewareToGinHandler.func1]
/Users/mac/go/pkg/mod/github.com/gin-gonic/gin@v1.12.0/context.go:192 [gin.(*Context).Next]
/Users/mac/go/pkg/mod/github.com/goravel/gin@v1.18.0/context_request.go:233 [gin.(*ContextRequest).Next]
/Users/mac/go/pkg/mod/github.com/goravel/framework@v1.18.0/http/middleware/check_for_maintenance_mode.go:34 [middleware.(*maintenanceMode).Handle]
/Users/mac/go/pkg/mod/github.com/goravel/gin@v1.18.0/utils.go:66 [gin.(*Route).init.middlewaresToGinHandlers.middlewareToGinHandler.func1]
/Users/mac/go/pkg/mod/github.com/gin-gonic/gin@v1.12.0/context.go:192 [gin.(*Context).Next]
/Users/mac/go/pkg/mod/github.com/goravel/gin@v1.18.0/context_request.go:233 [gin.(*ContextRequest).Next]
/Users/mac/go/pkg/mod/github.com/goravel/gin@v1.18.0/middleware_tls.go:23 [gin.(*TlsMiddleware).Handle]
/Users/mac/go/pkg/mod/github.com/goravel/gin@v1.18.0/utils.go:66 [gin.(*Route).init.middlewaresToGinHandlers.middlewareToGinHandler.func1]
/Users/mac/go/pkg/mod/github.com/gin-gonic/gin@v1.12.0/context.go:192 [gin.(*Context).Next]
/Users/mac/go/pkg/mod/github.com/goravel/gin@v1.18.0/context_request.go:233 [gin.(*ContextRequest).Next]
/Users/mac/go/pkg/mod/github.com/goravel/gin@v1.18.0/middleware_cors.go:42 [gin.(*CorsMiddleware).Handle]
/Users/mac/go/pkg/mod/github.com/goravel/gin@v1.18.0/utils.go:66 [gin.(*Route).init.middlewaresToGinHandlers.middlewareToGinHandler.func1]
/Users/mac/go/pkg/mod/github.com/gin-gonic/gin@v1.12.0/context.go:192 [gin.(*Context).Next]
[2026-07-25 00:28:14.289] local.error: [2.258ms] [rows:1] SELECT * FROM `entries` WHERE `id` = 72	sql: Scan error on column index 7, name "field_rules": unexpected end of JSON input
[Context] map[trace.traceContextKeyType:{Span:<nil> sc:{traceID:[0 0 0 0 0 0 0 0 0 0 0 0 0 0 0 0] spanID:[0 0 0 0 0 0 0 0] traceFlags:0 traceState:{list:[]} remote:false}}]
[Trace] /Users/mac/go/pkg/mod/github.com/goravel/framework@v1.18.0/log/writer.go:209 [log.(*Writer).withStackTrace]
/Users/mac/go/pkg/mod/github.com/goravel/framework@v1.18.0/log/writer.go:65 [log.(*Writer).Errorf]
/Users/mac/go/pkg/mod/github.com/goravel/framework@v1.18.0/database/db/logger.go:79 [db.(*Logger).Errorf]
/Users/mac/go/pkg/mod/github.com/goravel/framework@v1.18.0/database/db/logger.go:102 [db.(*Logger).Trace]
/Users/mac/go/pkg/mod/github.com/goravel/framework@v1.18.0/database/db/logger.go:153 [db.(*Gorm).Trace]
/Users/mac/go/pkg/mod/gorm.io/gorm@v1.31.2/callbacks.go:140 [gorm.(*processor).Execute]
/Users/mac/go/pkg/mod/gorm.io/gorm@v1.31.2/finisher_api.go:182 [gorm.(*DB).Find]
/Users/mac/go/pkg/mod/github.com/goravel/framework@v1.18.0/database/gorm/query.go:278 [gorm.(*Query).Find]
/Users/mac/code/Sites/goland/workflow_test/packages/goravel-workflow/controllers/entry_controller.go:45 [controllers.(*EntryController).Show]
/Users/mac/go/pkg/mod/github.com/goravel/gin@v1.18.0/utils.go:37 [gin.(*Group).Get.handlerToGinHandler.func1]
/Users/mac/go/pkg/mod/github.com/gin-gonic/gin@v1.12.0/context.go:192 [gin.(*Context).Next]
/Users/mac/go/pkg/mod/github.com/goravel/gin@v1.18.0/context_request.go:233 [gin.(*ContextRequest).Next]
/Users/mac/go/pkg/mod/github.com/goravel/gin@v1.18.0/context_response.go:164 [gin.(*responseMiddleware).Handle]
/Users/mac/go/pkg/mod/github.com/goravel/gin@v1.18.0/utils.go:66 [gin.(*Group).WithMiddlewares.middlewaresToGinHandlers.middlewareToGinHandler.func1]
/Users/mac/go/pkg/mod/github.com/gin-gonic/gin@v1.12.0/context.go:192 [gin.(*Context).Next]
/Users/mac/go/pkg/mod/github.com/goravel/gin@v1.18.0/context_request.go:233 [gin.(*ContextRequest).Next]
/Users/mac/code/Sites/goland/workflow_test/packages/goravel-workflow/middleware/jwt.go:34 [middleware.(*Jwt).Handle]
/Users/mac/go/pkg/mod/github.com/goravel/gin@v1.18.0/utils.go:66 [gin.(*Group).WithMiddlewares.middlewaresToGinHandlers.middlewareToGinHandler.func1]
/Users/mac/go/pkg/mod/github.com/gin-gonic/gin@v1.12.0/context.go:192 [gin.(*Context).Next]
/Users/mac/go/pkg/mod/github.com/goravel/gin@v1.18.0/context_request.go:233 [gin.(*ContextRequest).Next]
/Users/mac/go/pkg/mod/github.com/goravel/framework@v1.18.0/http/middleware/check_for_maintenance_mode.go:34 [middleware.(*maintenanceMode).Handle]
/Users/mac/go/pkg/mod/github.com/goravel/gin@v1.18.0/utils.go:66 [gin.(*Route).init.middlewaresToGinHandlers.middlewareToGinHandler.func1]
/Users/mac/go/pkg/mod/github.com/gin-gonic/gin@v1.12.0/context.go:192 [gin.(*Context).Next]
/Users/mac/go/pkg/mod/github.com/goravel/gin@v1.18.0/context_request.go:233 [gin.(*ContextRequest).Next]
/Users/mac/go/pkg/mod/github.com/goravel/gin@v1.18.0/middleware_tls.go:23 [gin.(*TlsMiddleware).Handle]
/Users/mac/go/pkg/mod/github.com/goravel/gin@v1.18.0/utils.go:66 [gin.(*Route).init.middlewaresToGinHandlers.middlewareToGinHandler.func1]
/Users/mac/go/pkg/mod/github.com/gin-gonic/gin@v1.12.0/context.go:192 [gin.(*Context).Next]
/Users/mac/go/pkg/mod/github.com/goravel/gin@v1.18.0/context_request.go:233 [gin.(*ContextRequest).Next]
/Users/mac/go/pkg/mod/github.com/goravel/gin@v1.18.0/middleware_cors.go:42 [gin.(*CorsMiddleware).Handle]
/Users/mac/go/pkg/mod/github.com/goravel/gin@v1.18.0/utils.go:66 [gin.(*Route).init.middlewaresToGinHandlers.middlewareToGinHandler.func1]
/Users/mac/go/pkg/mod/github.com/gin-gonic/gin@v1.12.0/context.go:192 [gin.(*Context).Next]
[2026-07-25 00:29:30.039] local.error: failed to run goravel:http: listen tcp 127.0.0.1:3000: bind: address already in use

[Trace] /Users/mac/go/pkg/mod/github.com/goravel/framework@v1.18.0/log/writer.go:209 [log.(*Writer).withStackTrace]
/Users/mac/go/pkg/mod/github.com/goravel/framework@v1.18.0/log/writer.go:65 [log.(*Writer).Errorf]
[2026-07-25 00:30:05.985] local.info: [2.138ms] [rows:1] SELECT * FROM `emps` WHERE `workno` = '30013'
[Context] map[trace.traceContextKeyType:{Span:<nil> sc:{traceID:[0 0 0 0 0 0 0 0 0 0 0 0 0 0 0 0] spanID:[0 0 0 0 0 0 0 0] traceFlags:0 traceState:{list:[]} remote:false}}]
[2026-07-25 00:30:05.986] local.info: [0.596ms] [rows:1] SELECT * FROM `emps` WHERE workno='30013'
[Context] map[trace.traceContextKeyType:{Span:<nil> sc:{traceID:[0 0 0 0 0 0 0 0 0 0 0 0 0 0 0 0] spanID:[0 0 0 0 0 0 0 0] traceFlags:0 traceState:{list:[]} remote:false}}]
[2026-07-25 00:30:06.426] local.info: [0.701ms] [rows:1] SELECT * FROM `emps` WHERE `emps`.`id` = '13'
[Context] map[trace.traceContextKeyType:{Span:<nil> sc:{traceID:[0 0 0 0 0 0 0 0 0 0 0 0 0 0 0 0] spanID:[0 0 0 0 0 0 0 0] traceFlags:0 traceState:{list:[]} remote:false}}]
[2026-07-25 00:30:06.427] local.info: [0.426ms] [rows:1] SELECT * FROM `emps` WHERE user_id=13
[Context] map[trace.traceContextKeyType:{Span:<nil> sc:{traceID:[0 0 0 0 0 0 0 0 0 0 0 0 0 0 0 0] spanID:[0 0 0 0 0 0 0 0] traceFlags:0 traceState:{list:[]} remote:false}}]
[2026-07-25 00:30:06.43] local.info: [3.044ms] [rows:0] SELECT * FROM `entries` WHERE emp_id=13 AND pid=0 ORDER BY id desc
[Context] map[trace.traceContextKeyType:{Span:<nil> sc:{traceID:[0 0 0 0 0 0 0 0 0 0 0 0 0 0 0 0] spanID:[0 0 0 0 0 0 0 0] traceFlags:0 traceState:{list:[]} remote:false}}]
[2026-07-25 00:30:06.431] local.info: [0.680ms] [rows:0] SELECT * FROM `procs` WHERE emp_id=13 AND status=0 ORDER BY is_read asc,status asc,id desc
[Context] map[trace.traceContextKeyType:{Span:<nil> sc:{traceID:[0 0 0 0 0 0 0 0 0 0 0 0 0 0 0 0] spanID:[0 0 0 0 0 0 0 0] traceFlags:0 traceState:{list:[]} remote:false}}]
[2026-07-25 00:30:06.432] local.info: [0.676ms] [rows:2] SELECT * FROM `flows` WHERE is_publish=1 AND is_show=1
[Context] map[trace.traceContextKeyType:{Span:<nil> sc:{traceID:[0 0 0 0 0 0 0 0 0 0 0 0 0 0 0 0] spanID:[0 0 0 0 0 0 0 0] traceFlags:0 traceState:{list:[]} remote:false}}]
[2026-07-25 00:30:06.432] local.info: [0.359ms] [rows:0] SELECT * FROM `procs` WHERE emp_id=13 AND status!=0 ORDER BY id desc
[Context] map[trace.traceContextKeyType:{Span:<nil> sc:{traceID:[0 0 0 0 0 0 0 0 0 0 0 0 0 0 0 0] spanID:[0 0 0 0 0 0 0 0] traceFlags:0 traceState:{list:[]} remote:false}}]
[2026-07-25 00:30:06.433] local.info: [0.486ms] [rows:0] SELECT * FROM `cc_records` WHERE emp_id=13 ORDER BY id desc
[Context] map[trace.traceContextKeyType:{Span:<nil> sc:{traceID:[0 0 0 0 0 0 0 0 0 0 0 0 0 0 0 0] spanID:[0 0 0 0 0 0 0 0] traceFlags:0 traceState:{list:[]} remote:false}}]
[2026-07-25 00:30:11.777] local.info: [0.642ms] [rows:2] SELECT template_name as label,id as value FROM `templates`
[Context] map[trace.traceContextKeyType:{Span:<nil> sc:{traceID:[0 0 0 0 0 0 0 0 0 0 0 0 0 0 0 0] spanID:[0 0 0 0 0 0 0 0] traceFlags:0 traceState:{list:[]} remote:false}}]
[2026-07-25 00:30:11.786] local.info: [0.834ms] [rows:1] SELECT count(*) FROM `templates`
[Context] map[trace.traceContextKeyType:{Span:<nil> sc:{traceID:[0 0 0 0 0 0 0 0 0 0 0 0 0 0 0 0] spanID:[0 0 0 0 0 0 0 0] traceFlags:0 traceState:{list:[]} remote:false}}]
[2026-07-25 00:30:11.786] local.info: [0.374ms] [rows:2] SELECT * FROM `templates` LIMIT 10
[Context] map[trace.traceContextKeyType:{Span:<nil> sc:{traceID:[0 0 0 0 0 0 0 0 0 0 0 0 0 0 0 0] spanID:[0 0 0 0 0 0 0 0] traceFlags:0 traceState:{list:[]} remote:false}}]
[2026-07-25 00:30:21.228] local.info: [1.733ms] [rows:1] SELECT count(*) FROM `flows`
[Context] map[trace.traceContextKeyType:{Span:<nil> sc:{traceID:[0 0 0 0 0 0 0 0 0 0 0 0 0 0 0 0] spanID:[0 0 0 0 0 0 0 0] traceFlags:0 traceState:{list:[]} remote:false}}]
[2026-07-25 00:30:21.229] local.info: [0.858ms] [rows:2] SELECT * FROM `flows` LIMIT 10
[Context] map[trace.traceContextKeyType:{Span:<nil> sc:{traceID:[0 0 0 0 0 0 0 0 0 0 0 0 0 0 0 0] spanID:[0 0 0 0 0 0 0 0] traceFlags:0 traceState:{list:[]} remote:false}}]
[2026-07-25 00:30:28.087] local.info: [0.691ms] [rows:1] SELECT * FROM `flows` WHERE id=42
[Context] map[trace.traceContextKeyType:{Span:<nil> sc:{traceID:[0 0 0 0 0 0 0 0 0 0 0 0 0 0 0 0] spanID:[0 0 0 0 0 0 0 0] traceFlags:0 traceState:{list:[]} remote:false}}]
[2026-07-25 00:30:50.596] local.info: [0.660ms] [rows:1] SELECT * FROM `flows` WHERE id=42
[Context] map[trace.traceContextKeyType:{Span:<nil> sc:{traceID:[0 0 0 0 0 0 0 0 0 0 0 0 0 0 0 0] spanID:[0 0 0 0 0 0 0 0] traceFlags:0 traceState:{list:[]} remote:false}}]
[2026-07-25 00:30:53.197] local.info: [0.687ms] [rows:1] SELECT * FROM `flows` WHERE id=42
[Context] map[trace.traceContextKeyType:{Span:<nil> sc:{traceID:[0 0 0 0 0 0 0 0 0 0 0 0 0 0 0 0] spanID:[0 0 0 0 0 0 0 0] traceFlags:0 traceState:{list:[]} remote:false}}]
[2026-07-25 00:30:53.198] local.info: [0.838ms] [rows:1] INSERT INTO `processes` (`created_at`,`updated_at`,`flow_id`,`process_name`,`limit_time`,`type`,`icon`,`process_to`,`style`,`style_color`,`style_height`,`style_width`,`position_left`,`position_top`,`position`,`child_flow_id`,`child_after`,`child_back_process`,`description`,`cc_emp_ids`) VALUES ('2026-07-25 00:30:53.198','2026-07-25 00:30:53.198',42,'新建流程',0,'operation','','','width:200px;height:48px;line-height:30px;color:#66CDAA;left:363px;top:201px;','#78a300',48,200,'363px','201px',1,0,2,0,'','')
[Context] map[trace.traceContextKeyType:{Span:<nil> sc:{traceID:[0 0 0 0 0 0 0 0 0 0 0 0 0 0 0 0] spanID:[0 0 0 0 0 0 0 0] traceFlags:0 traceState:{list:[]} remote:false}}]
[2026-07-25 00:30:53.199] local.error: assignment to entry in nil map
[Request] map[body:map[flow_id:42 left:363px top:201px] header:map[Accept:[application/json] Accept-Encoding:[gzip, deflate, br, zstd] Accept-Language:[zh-CN,zh;q=0.9] Authorization:[Bearer eyJhbGciOiJIUzI1NiIsInR5cCI6IkpXVCJ9.eyJrZXkiOiIxMyIsInN1YiI6InVzZXIiLCJleHAiOjE3ODQ5NDMwMDYsImlhdCI6MTc4NDkzOTQwNn0.bD4cruFcDLnL-5EqE1089T-hthTaWB7YWpoGjhZ32oA] Connection:[close] Content-Length:[43] Content-Type:[application/json] Origin:[http://localhost:5173] Referer:[http://localhost:5173/login] Sec-Ch-Ua:["Not;A=Brand";v="8", "Chromium";v="150", "Google Chrome";v="150"] Sec-Ch-Ua-Mobile:[?0] Sec-Ch-Ua-Platform:["macOS"] Sec-Fetch-Dest:[empty] Sec-Fetch-Mode:[cors] Sec-Fetch-Site:[same-origin] User-Agent:[Mozilla/5.0 (Macintosh; Intel Mac OS X 10_15_7) AppleWebKit/537.36 (KHTML, like Gecko) Chrome/150.0.0.0 Safari/537.36]] method:POST uri:http://127.0.0.1:3000/api/process]
[Trace] /Users/mac/go/pkg/mod/github.com/goravel/framework@v1.18.0/log/writer.go:209 [log.(*Writer).withStackTrace]
/Users/mac/go/pkg/mod/github.com/goravel/framework@v1.18.0/log/writer.go:58 [log.(*Writer).Error]
/Users/mac/go/pkg/mod/github.com/goravel/gin@v1.18.0/route.go:327 [gin.defaultRecoverCallback]
/Users/mac/go/pkg/mod/github.com/goravel/gin@v1.18.0/route.go:39 [gin.(*recoverMiddleware).Handle.func1]
/opt/homebrew/opt/go/libexec/src/runtime/panic.go:860 [runtime.gopanic]
/Users/mac/go/pkg/mod/github.com/gin-contrib/timeout@v1.2.1/timeout.go:102 [timeout.New.func1]
/Users/mac/go/pkg/mod/github.com/goravel/gin@v1.18.0/middleware_timeout.go:27 [gin.(*TimeoutMiddleware).Handle]
/Users/mac/go/pkg/mod/github.com/goravel/gin@v1.18.0/utils.go:66 [gin.middlewareToGinHandler.func1]
/Users/mac/go/pkg/mod/github.com/gin-gonic/gin@v1.12.0/context.go:192 [gin.(*Context).Next]
/Users/mac/go/pkg/mod/github.com/goravel/gin@v1.18.0/context_request.go:233 [gin.(*ContextRequest).Next]
/Users/mac/go/pkg/mod/github.com/goravel/gin@v1.18.0/route.go:42 [gin.(*recoverMiddleware).Handle]
/Users/mac/go/pkg/mod/github.com/goravel/gin@v1.18.0/utils.go:66 [gin.middlewareToGinHandler.func1]
/Users/mac/go/pkg/mod/github.com/gin-gonic/gin@v1.12.0/context.go:192 [gin.(*Context).Next]
/Users/mac/go/pkg/mod/github.com/gin-gonic/gin@v1.12.0/logger.go:282 [gin.LoggerWithConfig.func1]
/Users/mac/go/pkg/mod/github.com/gin-gonic/gin@v1.12.0/context.go:192 [gin.(*Context).Next]
/Users/mac/go/pkg/mod/github.com/gin-gonic/gin@v1.12.0/gin.go:722 [gin.(*Engine).handleHTTPRequest]
/Users/mac/go/pkg/mod/github.com/gin-gonic/gin@v1.12.0/gin.go:672 [gin.(*Engine).ServeHTTP]
/opt/homebrew/opt/go/libexec/src/net/http/server.go:3335 [http.AllowQuerySemicolons.func1]
/opt/homebrew/opt/go/libexec/src/net/http/server.go:2286 [http.HandlerFunc.ServeHTTP]
/opt/homebrew/opt/go/libexec/src/net/http/server.go:3311 [http.serverHandler.ServeHTTP]
